I'm sorry, but errors were detected in your script. Please correct the
errors listed below, and try again.


File "game/screens.rpy", line 172: end of line expected.
    frame:5
          ^

Ren'Py Version: Ren'Py 8.2.0.24012702
Thu Feb 29 05:49:21 2024
